<html>
<body>
<pre>
<h1>µVision Build Log</h1>
<h2>Project:</h2>
D:\q_work\test_modul\test_modbus\USER\test_modbus.uvproj
Project File Date:  05/24/2019

<h2>Output:</h2>
Build target 'Target 1'
linking...
Program Size: Code=5672 RO-data=848 RW-data=212 ZI-data=1372  
FromELF: creating hex file...
"..\OBJ\test.axf" - 0 Error(s), 0 Warning(s).
Load "..\\OBJ\\test.AXF" 
Erase Done.
Programming Done.
Verify OK.
Application running ...
Build target 'Target 1'
compiling test.c...
compiling delay.c...
..\SYSTEM\delay\delay.c(39): warning:  #550-D: variable "fac_ms" was set but never used
compiling sys.c...
compiling usart.c...
compiling led.c...
compiling usart2.c...
compiling mb.c...
compiling mbcrc.c...
compiling mbrtu.c...
compiling mbfunccoils.c...
compiling mbfuncdiag.c...
compiling mbfuncdisc.c...
compiling mbfuncholding.c...
compiling mbfuncinput.c...
compiling mbfuncother.c...
compiling mbutils.c...
compiling mbascii.c...
compiling port.c...
compiling portevent.c...
compiling portserial.c...
compiling porttimer.c...
linking...
Program Size: Code=5520 RO-data=848 RW-data=212 ZI-data=1372  
FromELF: creating hex file...
"..\OBJ\test.axf" - 0 Error(s), 1 Warning(s).
Load "..\\OBJ\\test.AXF" 
Erase Done.
Programming Done.
Verify OK.
Application running ...
Build target 'Target 1'
linking...
Program Size: Code=5520 RO-data=848 RW-data=212 ZI-data=1372  
FromELF: creating hex file...
"..\OBJ\test.axf" - 0 Error(s), 0 Warning(s).
